// Jest Snapshot v1, https://goo.gl/fbAQLP

exports[`reducers should return the initial state 1`] = `
Object {
  "errorMsg": "",
  "isLoading": false,
  "posts": Array [],
}
`;
